// Jest Snapshot v1, https://goo.gl/fbAQLP

exports[`UserDetailSkeleton Component matches snapshot 1`] = `
<div>
  <div
    class="flex items-center p-6 max-w-sm mx-auto bg-white rounded-xl shadow-sm space-x-4 animate-pulse"
    data-testid="userdetail-container"
  >
    <div
      class="shrink-0"
    >
      <svg
        aria-hidden="true"
        class="tabler-icon tabler-icon-user h-12 w-12 text-gray-300"
        fill="none"
        height="24"
        stroke="currentColor"
        stroke-linecap="round"
        stroke-linejoin="round"
        stroke-width="2"
        viewBox="0 0 24 24"
        width="24"
        xmlns="http://www.w3.org/2000/svg"
      >
        <path
          d="M8 7a4 4 0 1 0 8 0a4 4 0 0 0 -8 0"
        />
        <path
          d="M6 21v-2a4 4 0 0 1 4 -4h4a4 4 0 0 1 4 4v2"
        />
      </svg>
    </div>
    <div
      class="text-left space-y-2 flex-1"
    >
      <div
        class="space-y-1"
      >
        <div
          class="h-4 bg-gray-300 rounded w-24"
        />
        <div
          class="h-6 bg-gray-300 rounded w-64"
        />
      </div>
      <div
        class="space-y-1"
      >
        <div
          class="h-4 bg-gray-300 rounded w-24"
        />
        <div
          class="h-6 bg-gray-300 rounded w-64"
        />
      </div>
      <div
        class="space-y-1"
      >
        <div
          class="h-4 bg-gray-300 rounded w-24"
        />
        <div
          class="h-6 bg-gray-300 rounded w-64"
        />
      </div>
      <div
        class="space-y-1"
      >
        <div
          class="h-4 bg-gray-300 rounded w-24"
        />
        <div
          class="h-6 bg-gray-300 rounded w-64"
        />
      </div>
      <div
        class="space-y-1"
      >
        <div
          class="h-4 bg-gray-300 rounded w-24"
        />
        <div
          class="h-6 bg-gray-300 rounded w-64"
        />
      </div>
    </div>
  </div>
</div>
`;
